expecting an error next:
Array index out of bounds at "./input/10-bounds.dcf" (line 7, column 5)
