op5 line 2:1: unexpected char: '&'
op5 line 2:3: unexpected char: '|'
