2 INTLITERAL 123
3 INTLITERAL 0xabc
4 INTLITERAL 0xdeadbee
4 IDENTIFIER g
5 -
5 INTLITERAL 123
6 BOOLEANLITERAL true
7 BOOLEANLITERAL false
8 IDENTIFIER foo
9 IDENTIFIER bar
10 IDENTIFIER _x
11 IDENTIFIER _1
12 STRINGLITERAL "\"hello\""
13 STRINGLITERAL "\"\'\""
14 STRINGLITERAL "a"
15 CHARLITERAL '\''
16 CHARLITERAL '\"'
17 INTLITERAL 12
17 IDENTIFIER n
