result should be 11: 11
result should be 7: 7
result should be 3: 3
